
./dk.native check --no-color -q tests/OK/check/type_command2.dk
YES
YES
YES
YES
NO
NO
NO
NO
