
./dk.native check --no-color -q tests/OK/inferingKindForType.dk
Kind
Kind
