tests/tezt/_regressions/tests/meta/beta.dk_dkmeta.out

./dkcheck.native meta --no-color -q tests/meta/beta.dk
def A : Type.

B : Type.

[] A --> B.

def f : B -> B := y:B => y.

