tests/tezt/_regressions/tests/meta/simple_2.dk_dkmeta_meta_file_meta_file.out

./dkmeta.native --no-color -q -I tests/meta -m tests/meta_files/meta.dk -m tests/meta_files/meta2.dk tests/meta/simple_2.dk
A : Type.

def a : A.

def b : A.

c : A.

def foo := c.

B : A -> Type.

bar : B c.

