tests/tezt/_regressions/tests/meta/simple.dk_dkmeta_no_meta.out

./dkmeta.native -nc -q --no-meta tests/meta/simple.dk
nat : Type.

0 : nat.

S : nat -> nat.

def 1 := S 0.

def 2 := S 1.

def 3 := S 2.

def 4 := S 3.

def 5 := S 4.

def 6 := S 5.

def 7 := S 6.

def 8 := S 7.

def ack : nat -> nat -> nat.

[n] ack (0) n --> S n.

[m] ack (S m) (0) --> ack m 1.

[n, m] ack (S m) (S n) --> ack m (ack (S m) n).

def foo : nat := ack 3 3.

