
./dk.native check --no-color -q tests/OK/fixpoints.dk
