
./dk.native check --no-color -q tests/OK/nsteps4.dk
f ((x:B => x) a) ((x:B => x) a)
f ((x:B => x) a) ((x:B => x) a)
f a a
f a a
f a a
f a a
f a a
f a a
f ((x:B => x) a) ((x:B => x) a)
f ((x:B => x) a) ((x:B => x) a)
f ((x:B => x) a) a
f ((x:B => x) a) a
f a a
f a a
(y:B => f y y) a
(y:B => f y y) a
f a a
f a a
(y:B => f y y) ((x:A => x) a)
(y:B => f y y) ((x:A => x) a)
(y:B => f y y) a
(y:B => f y y) a
(y:A => f y y) a
(y:A => f y y) a
f a a
f a a
