
./dk.native check --no-color -q tests/OK/inferingKindForArrowWithCodomainType.dk
Kind
Kind
Kind
Kind
