
./dk.native meta --no-color -q -I tests/meta -m tests/meta_files/meta.dk -m tests/meta_files/meta2.dk tests/meta/simple_2.dk
A : Type.

def a : A.

def b : A.

c : A.

def foo := c.

B : A -> Type.

bar : B c.

