tests/OK/assert/type_command.dk_dkcheck_ok.out

./dk.native check --no-color -q tests/OK/assert/type_command.dk
