
./dk.native check --no-color -q tests/OK/assert/conv_command.dk
