tests/OK/inferingKindForType.dk_dkcheck_ok.out

./dk.native check --no-color -q tests/OK/inferingKindForType.dk
Kind
Kind
