
./dk.native check --no-color -q tests/OK/ho_bug2.dk
b:A => a
b:A => a
