
./dk.native check --no-color -q tests/OK/assert/type_command.dk
