tests/tezt/_regressions/tests/OK/nsteps3.dk_dkcheck_ok.out

./dk.native check --no-color -q tests/OK/nsteps3.dk
plus 2 3
plus 1 (S (S 2))
plus 0 (S (S (S 2)))
S (S (S 2))
S (S (S (S (S 0))))
plus 2 3
plus (S 1) 3
plus (S (S 0)) 3
plus (S (S 0)) (S 2)
plus (S (S 0)) (S (S 1))
plus (S (S 0)) (S (S (S 0)))
plus (S 0) (S (S (S (S 0))))
plus 0 (S (S (S (S (S 0)))))
S (S (S (S (S 0))))
