
./dk.native check --no-color -q tests/OK/sharing.dk
z
z
z
z
z
z
z
z
